C51 COMPILER V9.56.0.0   X                                                                 12/02/2019 17:58:17 PAGE 1   


C51 COMPILER V9.56.0.0, COMPILATION OF MODULE X
OBJECT MODULE PLACED IN .\Objects\X.obj
COMPILER INVOKED BY: C:\Keil_v5\C51\BIN\C51.EXE X.c OPTIMIZE(8,SPEED) BROWSE DEBUG OBJECTEXTEND PRINT(.\Listings\X.lst) 
                    -TABS(2) OBJECT(.\Objects\X.obj)

line level    source

   1          #include "X.H"
   2          #include <reg52.h>
   3          sbit led = P1^0;
   4          
   5          void X_Init(void)
   6          {
   7   1        led = 0;
   8   1      }
   9          
  10          void X(void)
  11          {
  12   1        led = 1;
  13   1      }


MODULE INFORMATION:   STATIC OVERLAYABLE
   CODE SIZE        =      6    ----
   CONSTANT SIZE    =   ----    ----
   XDATA SIZE       =   ----    ----
   PDATA SIZE       =   ----    ----
   DATA SIZE        =   ----    ----
   IDATA SIZE       =   ----    ----
   BIT SIZE         =   ----    ----
END OF MODULE INFORMATION.


C51 COMPILATION COMPLETE.  0 WARNING(S),  0 ERROR(S)
