C51 COMPILER V9.56.0.0   SIMPLE_EOS                                                        12/04/2019 15:33:40 PAGE 1   


C51 COMPILER V9.56.0.0, COMPILATION OF MODULE SIMPLE_EOS
OBJECT MODULE PLACED IN .\Objects\Simple_EOS.obj
COMPILER INVOKED BY: C:\Keil_v5\C51\BIN\C51.EXE Simple_EOS.c OPTIMIZE(8,SPEED) BROWSE DEBUG OBJECTEXTEND PRINT(.\Listing
                    -s\Simple_EOS.lst) TABS(2) OBJECT(.\Objects\Simple_EOS.obj)

line level    source

   1          #include "Main.H"
   2          #include "Simple_EOS.H"
   3          
   4          #include "T_Lights.H"
   5          
   6          //Private variable definitions
   7          static tByte Call_count_G;
   8          
   9          sEOS_ISR() interrupt INTERRUPT_Timer_2_Overflow
  10          {
  11   1        TF2 = 0; //Must manually reset T2 flag
  12   1        
  13   1        //User CODE begin
  14   1        //this ISR is called every 50ms
  15   1        // only want to update lights every 1 sec
  16   1        
  17   1        if (++Call_count_G < 20)
  18   1        {
  19   2          return;
  20   2        }
  21   1        
  22   1        //time to update LED
  23   1        Call_count_G = 0;
  24   1        
  25   1        //call traffic lights update function
  26   1        TRAFFIC_LIGHTS_Update();
  27   1      }
  28          void sEOS_Init_Timer2(const tByte TICK_MS)
  29          {
  30   1        tLong Inc;
  31   1        tWord Reload_16;
  32   1        tByte Reload_08H , Reload_08L;
  33   1        
  34   1        //Timer 2 is configured as a 16-bit timer
  35   1        //automatically realoaded when overflows
  36   1        T2CON = 0x04;
  37   1        //Number of timer increments required
  38   1        Inc = ((tLong)TICK_MS * (OSC_FREQ/1000)) / (tLong)OSC_PER_INST;
  39   1        
  40   1        //16- bit reload value
  41   1        Reload_16 = (tWord) (65536UL - Inc);
  42   1        
  43   1        // 8 bit reload values ( High and Low )
  44   1        Reload_08H = (tByte)(Reload_16 / 256);
  45   1        Reload_08L = (tByte)(Reload_16 % 256);
  46   1        
  47   1        //Used for manually checking timing in  simulator
  48   1        
  49   1        TH2 = Reload_08H;    // load timer 2 high byte
  50   1        RCAP2H = Reload_08H; // load timer 2 reload capt. reg. high byte
  51   1        TL2 = Reload_08L;    // Load timer 2 Low byte
  52   1        RCAP2L = Reload_08L; // load timer 2 reload capt. reg. low byte
  53   1        
  54   1        ET2 = 1;
C51 COMPILER V9.56.0.0   SIMPLE_EOS                                                        12/04/2019 15:33:40 PAGE 2   

  55   1        
  56   1        TR2 = 1; //Start timer 2 running
  57   1        
  58   1        EA = 1;  //globally enable interrupts
  59   1      }
  60          
  61          void sEOS_Go_To_Sleep(void)
  62            {
  63   1          PCON |= 0x01;
  64   1        }


MODULE INFORMATION:   STATIC OVERLAYABLE
   CODE SIZE        =    131    ----
   CONSTANT SIZE    =   ----    ----
   XDATA SIZE       =   ----    ----
   PDATA SIZE       =   ----    ----
   DATA SIZE        =      1       4
   IDATA SIZE       =   ----    ----
   BIT SIZE         =   ----    ----
END OF MODULE INFORMATION.


C51 COMPILATION COMPLETE.  0 WARNING(S),  0 ERROR(S)
