BL51 BANKED LINKER/LOCATER V6.22                                                        12/03/2019  14:29:58  PAGE 1


BL51 BANKED LINKER/LOCATER V6.22, INVOKED BY:
C:\KEIL_V5\C51\BIN\BL51.EXE .\Objects\main.obj TO .\Objects\timeout_loop PRINT (.\Listings\timeout_loop.m51) RAMSIZE (25
>> 6)


MEMORY MODEL: SMALL


INPUT MODULES INCLUDED:
  .\Objects\main.obj (MAIN)
  C:\KEIL_V5\C51\LIB\C51S.LIB (?C_STARTUP)
  C:\KEIL_V5\C51\LIB\C51S.LIB (?C?ULCMP)
  C:\KEIL_V5\C51\LIB\C51S.LIB (?C?LILDIDATA)


LINK MAP OF MODULE:  .\Objects\timeout_loop (MAIN)


            TYPE    BASE      LENGTH    RELOCATION   SEGMENT NAME
            -----------------------------------------------------

            * * * * * * *   D A T A   M E M O R Y   * * * * * * *
            REG     0000H     0008H     ABSOLUTE     "REG BANK 0"
            DATA    0008H     0004H     UNIT         _DATA_GROUP_
            IDATA   000CH     0001H     UNIT         ?STACK

            * * * * * * *   C O D E   M E M O R Y   * * * * * * *
            CODE    0000H     0003H     ABSOLUTE     
                    0003H     07FDH                  *** GAP ***
            CODE    0800H     0031H     UNIT         ?C?LIB_CODE
            CODE    0831H     001DH     UNIT         ?PR?TEST_TIMEOUT?MAIN
            CODE    084EH     000CH     UNIT         ?C_C51STARTUP
            CODE    085AH     0005H     UNIT         ?PR?MAIN?MAIN



OVERLAY MAP OF MODULE:   .\Objects\timeout_loop (MAIN)


SEGMENT                          DATA_GROUP 
  +--> CALLED SEGMENT          START    LENGTH
----------------------------------------------
?C_C51STARTUP                  -----    -----
  +--> ?PR?MAIN?MAIN

?PR?MAIN?MAIN                  -----    -----
  +--> ?PR?TEST_TIMEOUT?MAIN

?PR?TEST_TIMEOUT?MAIN          0008H    0004H



SYMBOL TABLE OF MODULE:  .\Objects\timeout_loop (MAIN)

  VALUE           TYPE          NAME
  ----------------------------------

  -------         MODULE        MAIN
BL51 BANKED LINKER/LOCATER V6.22                                                      12/03/2019  14:29:58  PAGE 2


  C:0000H         SYMBOL        _ICE_DUMMY_
  D:0090H         PUBLIC        P1
  D:00B0H         PUBLIC        P3
  D:00A8H         PUBLIC        IE
  D:00B8H         PUBLIC        IP
  C:085AH         PUBLIC        main
  D:0098H         PUBLIC        SCON
  D:0088H         PUBLIC        TCON
  D:00C8H         PUBLIC        T2CON
  C:0831H         PUBLIC        Test_Timeout
  D:00D0H         PUBLIC        PSW
  -------         PROC          MAIN
  C:085AH         LINE#         11
  C:085AH         LINE#         12
  C:085AH         LINE#         13
  C:085AH         LINE#         14
  C:085AH         LINE#         15
  C:085DH         LINE#         16
  -------         ENDPROC       MAIN
  -------         PROC          TEST_TIMEOUT
  -------         DO            
  D:0008H         SYMBOL        Timeout_loop
  -------         ENDDO         
  C:0831H         LINE#         19
  C:0831H         LINE#         20
  C:0831H         LINE#         21
  C:083DH         LINE#         23
  C:084DH         LINE#         24
  -------         ENDPROC       TEST_TIMEOUT
  -------         ENDMOD        MAIN

  -------         MODULE        ?C?ULCMP
  C:0800H         PUBLIC        ?C?ULCMP
  -------         ENDMOD        ?C?ULCMP

  -------         MODULE        ?C?LILDIDATA
  C:081AH         PUBLIC        ?C?LILDIDATA
  C:0811H         PUBLIC        ?C?LILDIDATA1
  C:0813H         PUBLIC        ?C?LILDIDATA8
  -------         ENDMOD        ?C?LILDIDATA

******************************************************************************
* RESTRICTED VERSION WITH 0800H BYTE CODE SIZE LIMIT; USED: 0022H BYTE ( 1%) *
******************************************************************************

Program Size: data=13.0 xdata=0 code=98
LINK/LOCATE RUN COMPLETE.  0 WARNING(S),  0 ERROR(S)
